[index-2.html]
[backblue.gif]
[fade.gif]
[index.html]
[images/logo.png]
[favicon.ico]
[_next/static/css/08390b9008943db6.css]
[_next/static/chunks/polyfills-5cd94c89d3acac5f.js]
[_next/static/chunks/webpack-5761f3a204ffdf4a.js]
[_next/static/chunks/framework-bb5c596eafb42b22.js]
[_next/static/chunks/main-962cddc7834d5ac9.js]
[_next/static/chunks/954-732ccfa34e11a04f.js]
[_next/static/chunks/pages/index-4a8b72077f996176.js]
[_next/static/zxKBiac0YVD15BYwz6IHr/_buildManifest.js]
[_next/static/zxKBiac0YVD15BYwz6IHr/_ssgManifest.js]
[_next/static/chunks/pages/_app-b5b242e466d715c2.js]
[_next/static/zxKBiac0YVD15BYwz6IHr/_middlewareManifest.js]
[images/bg.png]
[images/socials/etherscan-light.svg]
[images/socials/opensea.svg]
[images/headerLogo.gif]
[index-2.html]
[_next/static/media/barlow-vietnamese-400-normal.6b6d07df.woff2]
[_next/static/media/barlow-all-400-normal.9207a96f.woff]
[_next/static/media/barlow-latin-ext-400-normal.2a6c6e0e.woff2]
[_next/static/media/barlow-latin-400-normal.ba589f78.woff2]
[_next/static/media/saira-condensed-vietnamese-400-normal.1a7a98fa.woff2]
[_next/static/media/saira-condensed-vietnamese-400-normal.1a7a98fa.woff2]
[_next/static/media/barlow-latin-400-normal.ba589f78.woff2]
[_next/static/media/barlow-latin-ext-400-normal.2a6c6e0e.woff2]
[_next/static/media/saira-condensed-all-400-normal.e1b35a65.woff]
[_next/static/media/saira-condensed-latin-ext-400-normal.cf541812.woff2]
[_next/static/media/saira-condensed-latin-400-normal.f287dc39.woff2]
[_next/static/media/saira-condensed-vietnamese-700-normal.e5f9d2b6.woff2]
[_next/static/media/saira-condensed-all-700-normal.a475494b.woff]
[_next/static/media/saira-condensed-latin-400-normal.f287dc39.woff2]
[_next/static/media/saira-condensed-vietnamese-700-normal.e5f9d2b6.woff2]
[_next/static/media/saira-condensed-latin-ext-700-normal.2e98dc24.woff2]
[_next/static/media/saira-condensed-latin-700-normal.4a7e7d2f.woff2]
[_next/static/media/saira-vietnamese-400-normal.e13f95dc.woff2]
[_next/static/media/saira-condensed-latin-ext-700-normal.2e98dc24.woff2]
[_next/static/media/saira-condensed-latin-700-normal.4a7e7d2f.woff2]
[_next/static/media/saira-all-400-normal.a7a675b8.woff]
[_next/static/media/saira-latin-ext-400-normal.8fe5e552.woff2]
[_next/static/media/saira-latin-400-normal.0c79097b.woff2]
[_next/static/media/shadows-into-light-latin-400-normal.213d8e28.woff2]
[_next/static/media/saira-latin-ext-400-normal.8fe5e552.woff2]
[_next/static/media/saira-latin-400-normal.0c79097b.woff2]
[_next/static/media/shadows-into-light-all-400-normal.6ff55eab.woff]
[_next/static/media/saira-vietnamese-700-normal.389d235e.woff2]
[_next/static/media/saira-all-700-normal.66ea0356.woff]
[_next/static/media/saira-latin-ext-700-normal.e8909720.woff2]
[_next/static/media/saira-vietnamese-700-normal.389d235e.woff2]
[_next/static/media/saira-all-700-normal.66ea0356.woff]
[_next/static/media/saira-latin-ext-700-normal.e8909720.woff2]
[_next/static/media/saira-latin-700-normal.34aaf534.woff2]
[_next/static/media/montserrat-cyrillic-ext-200-normal.42801ff4.woff2]
[_next/static/media/montserrat-all-200-normal.e0634266.woff]
[_next/static/media/montserrat-cyrillic-200-normal.4e362d86.woff2]
[_next/static/media/montserrat-vietnamese-200-normal.5df433fd.woff2]
[_next/static/media/montserrat-latin-ext-200-normal.399129dd.woff2]
[_next/static/media/montserrat-latin-ext-200-normal.399129dd.woff2]
[_next/static/media/montserrat-latin-200-normal.a9af01dc.woff2]
[_next/static/media/montserrat-latin-200-normal.a9af01dc.woff2]
[_next/static/media/montserrat-cyrillic-ext-400-normal.dc074893.woff2]
[_next/static/media/montserrat-all-400-normal.a960905c.woff]
[_next/static/media/montserrat-cyrillic-400-normal.6733d874.woff2]
[_next/static/media/montserrat-vietnamese-400-normal.aa849fa5.woff2]
[_next/static/media/montserrat-all-400-normal.a960905c.woff]
[_next/static/media/montserrat-cyrillic-400-normal.6733d874.woff2]
[_next/static/media/montserrat-latin-ext-400-normal.0b613aa9.woff2]
[_next/static/media/montserrat-latin-400-normal.92a495c7.woff2]
[_next/static/media/montserrat-cyrillic-ext-900-normal.4b31c5ab.woff2]
[_next/static/media/montserrat-cyrillic-ext-900-normal.4b31c5ab.woff2]
[_next/static/media/montserrat-latin-400-normal.92a495c7.woff2]
[_next/static/media/montserrat-all-900-normal.e41d5a6f.woff]
[_next/static/media/montserrat-cyrillic-900-normal.c01f7524.woff2]
[_next/static/media/montserrat-vietnamese-900-normal.b1736f02.woff2]
[_next/static/media/montserrat-cyrillic-900-normal.c01f7524.woff2]
[_next/static/media/montserrat-latin-ext-900-normal.36d618f8.woff2]
[_next/static/css/08390b9008943db6.css]
[images/socials/etherscan-light.svg]
[images/socials/opensea.svg]
[_next/static/media/montserrat-latin-900-normal.86f6da00.woff2]
